2026-05-04 19:41:06  INFO      VENTES_FLASH              ╔══ DÉBUT DU JOB : VENTES_FLASH ══╗
2026-05-04 19:41:06  INFO      VENTES_FLASH              ────────────────────────────────────────────────────────────
2026-05-04 19:41:06  INFO      VENTES_FLASH              Sortie      : exports\sales\customers.csv
2026-05-04 19:41:06  INFO      VENTES_FLASH              Séparateur  : ','  |  Encodage : utf-8-sig  |  Batch : 5000 lignes
2026-05-04 19:41:06  ERROR     VENTES_FLASH              ❌  ÉCHEC après 0.0 s : ORA-00942: table or view does not exist
Help: https://docs.oracle.com/error-help/db/ora-00942/
Traceback (most recent call last):
  File "E:\data_pipeline\python\extract_oracle\extractor.py", line 52, in run
    cursor.execute(query)
  File "E:\data_pipeline\.venv\lib\site-packages\oracledb\cursor.py", line 844, in execute
    impl.execute(self)
  File "src/oracledb/impl/thin/cursor.pyx", line 277, in oracledb.thin_impl.ThinCursorImpl.execute
  File "src/oracledb/impl/thin/protocol.pyx", line 501, in oracledb.thin_impl.Protocol._process_single_message
  File "src/oracledb/impl/thin/protocol.pyx", line 502, in oracledb.thin_impl.Protocol._process_single_message
  File "src/oracledb/impl/thin/protocol.pyx", line 494, in oracledb.thin_impl.Protocol._process_message
  File "src/oracledb/impl/thin/messages/base.pyx", line 102, in oracledb.thin_impl.Message._check_and_raise_exception
oracledb.exceptions.DatabaseError: ORA-00942: table or view does not exist
Help: https://docs.oracle.com/error-help/db/ora-00942/
2026-05-04 19:41:06  ERROR     VENTES_FLASH              ╚══ FIN DU JOB : VENTES_FLASH ══╝  ÉCHEC
2026-05-04 20:17:45  INFO      VENTES_FLASH              ╔══ DÉBUT DU JOB : VENTES_FLASH ══╗
2026-05-04 20:17:45  INFO      VENTES_FLASH              ────────────────────────────────────────────────────────────
2026-05-04 20:17:45  INFO      VENTES_FLASH              Sortie      : exports\sales\customers.csv
2026-05-04 20:17:45  INFO      VENTES_FLASH              Séparateur  : ','  |  Encodage : utf-8-sig  |  Batch : 5000 lignes
2026-05-04 20:17:45  INFO      VENTES_FLASH              Colonnes (4) : ['ID', 'NAME', 'EMAIL', 'COUNTRY']
2026-05-04 20:17:45  INFO      VENTES_FLASH                100 lignes extraites…
2026-05-04 20:17:45  INFO      VENTES_FLASH              ✅  SUCCÈS : 100 lignes  →  exports\sales\customers.csv  (0.0 s)
2026-05-04 20:17:45  INFO      VENTES_FLASH              ────────────────────────────────────────────────────────────
2026-05-04 20:17:45  INFO      VENTES_FLASH              ╚══ FIN DU JOB : VENTES_FLASH ══╝  100 lignes extraites
